=== CDPR Master ===
Opening Teensy on /dev/ttyACM1
Teensy connected.
Motors connected (not yet enabled).
Listening on localhost:8421
Ctrl+C to stop.

  Teensy: Tension released
  Teensy: OK RELEASE
Client connected.
  ENABLE
  calibrating at measured (1519.0, 479.5) theta 135.02 deg
  Teensy: OK CAL
  Teensy: OK TENSION
  Teensy: OK START
  -> enabled
  Teensy: OK SPEED 200.0
  speed limit -> 200.0 mm/s
  Teensy: OK CMD
  Teensy: OK CMD
  Teensy: OK CMD
  Teensy: OK CMD
  Teensy: OK CMD
  Teensy: OK CMD
  Teensy: OK CMD
  Teensy: OK CMD
  Teensy: OK CMD
  Teensy: OK CMD
  Teensy: OK CMD
  Teensy: OK CMD
  Teensy: OK CMD
  Teensy: OK CMD
  Teensy: OK CMD
  Teensy: OK CMD
  Teensy: OK CMD
  Teensy: OK CMD
  Teensy: OK CMD
  Teensy: OK CMD
  Teensy: OK CMD
  Teensy: OK CMD
  Teensy: OK CMD
  Teensy: OK CMD
  Teensy: OK CMD
  Teensy: OK CMD
  Teensy: OK CMD
  Teensy: OK CMD
  Teensy: OK CMD
  Teensy: OK CMD
  Teensy: OK CMD
  Teensy: OK CMD
  Teensy: OK CMD
  Teensy: OK CMD
  Teensy: OK CMD
  Teensy: OK CMD
  Teensy: OK CMD
  Teensy: OK CMD
  Teensy: OK CMD
  Teensy: OK CMD
  Teensy: OK CMD
  Teensy: OK CMD
  Teensy: OK CMD
  Teensy: OK CMD
  Teensy: OK CMD
  Teensy: OK CMD
  Teensy: OK SPEED 400.0
  Teensy: OK ACCEL 400.0
  limits -> 400.0 mm/s, 400.0 mm/s^2
  Teensy: OK CMD
  Teensy: OK CMD
  Teensy: OK SPEED 400.0
  Teensy: OK ACCEL 20000.0
  limits -> 400.0 mm/s, 20000.0 mm/s^2
  Teensy: OK SPEED 400.0
  speed limit -> 400.0 mm/s
  Teensy: OK CMD
  Teensy: OK CMD
  Teensy: OK CMD
  Teensy: OK CMD
  Teensy: OK CMD
  Teensy: OK CMD
  Teensy: OK CMD
  Teensy: OK CMD
  Teensy: OK CMD
  Teensy: OK CMD
  Teensy: OK CMD
  Teensy: OK CMD
  Teensy: OK CMD
  Teensy: OK CMD
  Teensy: OK CMD
  Teensy: OK CMD
  Teensy: OK CMD
  Teensy: OK CMD
  Teensy: OK CMD
  Teensy: OK CMD
  Teensy: OK CMD
  Teensy: OK CMD
  Teensy: OK CMD
  Teensy: OK CMD
  Teensy: OK CMD
  Teensy: OK SPEED 400.0
  Teensy: OK ACCEL 800.0
  limits -> 400.0 mm/s, 800.0 mm/s^2
  Teensy: OK CMD
  Teensy: OK CMD
  Teensy: OK CMD
  Teensy: OK SPEED 400.0
  Teensy: OK ACCEL 40000.0
  limits -> 400.0 mm/s, 40000.0 mm/s^2
  Teensy: OK CMD
  Teensy: OK CMD
  Teensy: OK CMD
  Teensy: OK CMD
  Teensy: OK CMD
  Teensy: OK SPEED 800.0
  Teensy: OK ACCEL 800.0
  limits -> 800.0 mm/s, 800.0 mm/s^2
  Teensy: OK CMD
  Teensy: OK CMD
  Teensy: OK SPEED 800.0
  Teensy: OK ACCEL 40000.0
  limits -> 800.0 mm/s, 40000.0 mm/s^2
  Teensy: OK SPEED 800.0
  speed limit -> 800.0 mm/s
  Teensy: OK CMD
  Teensy: OK CMD
  Teensy: OK CMD
  Teensy: OK CMD
  Teensy: OK CMD
  Teensy: OK CMD
  Teensy: OK CMD
  Teensy: OK CMD
  Teensy: OK SPEED 1600.0
  Teensy: OK ACCEL 800.0
  limits -> 1600.0 mm/s, 800.0 mm/s^2
  Teensy: OK CMD
  Teensy: OK CMD
  Teensy: OK CMD
  Teensy: OK CMD
  Teensy: OK CMD
  Teensy: OK CMD
  Teensy: OK CMD
  Teensy: OK CMD
  Teensy: OK CMD
  Teensy: OK CMD
  Teensy: OK SPEED 1600.0
  Teensy: OK ACCEL 40000.0
  limits -> 1600.0 mm/s, 40000.0 mm/s^2
  Teensy: OK SPEED 1600.0
  speed limit -> 1600.0 mm/s
  Teensy: OK CMD
  Teensy: OK CMD
  Teensy: OK CMD
  Teensy: OK CMD
  Teensy: OK CMD
  Teensy: OK CMD
  Teensy: OK CMD
  Teensy: OK CMD
  Teensy: OK CMD
  Teensy: OK CMD
  Teensy: OK CMD
  Teensy: OK CMD
  Teensy: OK CMD
  Teensy: OK SPEED 3200.0
  Teensy: OK ACCEL 800.0
  limits -> 3200.0 mm/s, 800.0 mm/s^2
  Teensy: OK CMD
  Teensy: OK CMD
  Teensy: OK CMD
  Teensy: OK CMD
  Teensy: OK CMD
  Teensy: OK CMD
  Teensy: OK CMD
  Teensy: OK CMD
  Teensy: OK CMD
  Teensy: OK CMD
  Teensy: OK CMD
  Teensy: OK CMD
  Teensy: OK CMD
  Teensy: OK CMD
  Teensy: OK SPEED 3200.0
  Teensy: OK ACCEL 40000.0
  limits -> 3200.0 mm/s, 40000.0 mm/s^2
  Teensy: OK SPEED 3200.0
  speed limit -> 3200.0 mm/s
  Teensy: OK CMD
  Teensy: OK CMD
  Teensy: OK CMD
  Teensy: OK CMD
  Teensy: OK CMD
  Teensy: OK CMD
  Teensy: OK CMD
  Teensy: OK CMD
  Teensy: OK SPEED 6400.0
  Teensy: OK ACCEL 800.0
  limits -> 6400.0 mm/s, 800.0 mm/s^2
  Teensy: OK CMD
  Teensy: OK CMD
  Teensy: OK CMD
  Teensy: OK CMD
  Teensy: OK CMD
  Teensy: OK CMD
  Teensy: OK CMD
  Teensy: OK CMD
  Teensy: OK SPEED 6400.0
  Teensy: OK ACCEL 40000.0
  limits -> 6400.0 mm/s, 40000.0 mm/s^2
  Teensy: OK SPEED 6400.0
  speed limit -> 6400.0 mm/s
  Teensy: OK CMD
  Teensy: OK CMD
  Teensy: OK CMD
  Teensy: OK CMD
  Teensy: OK CMD
  Teensy: OK CMD
  Teensy: OK CMD
  Teensy: OK CMD
  Teensy: OK CMD
  Teensy: OK CMD
  Teensy: OK SPEED 3200.0
  Teensy: OK ACCEL 800.0
  limits -> 3200.0 mm/s, 800.0 mm/s^2
  Teensy: OK SPEED 3200.0
  speed limit -> 3200.0 mm/s
  Teensy: OK CMD
  Teensy: OK CMD
  Teensy: OK CMD
  Teensy: OK CMD
  Teensy: OK CMD
  Teensy: OK CMD
  Teensy: OK CMD
  Teensy: OK CMD
  Teensy: OK SPEED 3200.0
  Teensy: OK ACCEL 80000.0
  limits -> 3200.0 mm/s, 80000.0 mm/s^2
  Teensy: OK CMD
  Teensy: OK CMD
  Teensy: OK CMD
  Teensy: OK CMD
  Teensy: OK CMD
  Teensy: OK CMD
  Teensy: OK CMD
  Teensy: OK CMD
  Teensy: OK SPEED 3200.0
  Teensy: OK ACCEL 1600.0
  limits -> 3200.0 mm/s, 1600.0 mm/s^2
  Teensy: OK CMD
  Teensy: OK CMD
  Teensy: OK SPEED 3200.0
  Teensy: OK ACCEL 120000.0
  limits -> 3200.0 mm/s, 160000.0 mm/s^2
  Teensy: OK CMD
  Teensy: OK CMD
  Teensy: OK SPEED 3200.0
  Teensy: OK ACCEL 3200.0
  limits -> 3200.0 mm/s, 3200.0 mm/s^2
  Teensy: OK CMD
  Teensy: OK CMD
  Teensy: OK CMD
  Teensy: OK CMD
  Teensy: OK CMD
  Teensy: OK CMD
  Teensy: OK CMD
  Teensy: OK CMD
  Teensy: OK SPEED 3200.0
  Teensy: OK ACCEL 60000.0
  limits -> 3200.0 mm/s, 60000.0 mm/s^2
  Teensy: OK CMD
  Teensy: OK CMD
  Teensy: OK SPEED 3200.0
  Teensy: OK ACCEL 1600.0
  limits -> 3200.0 mm/s, 1600.0 mm/s^2
  Teensy: OK CMD
  Teensy: OK CMD
  Teensy: OK CMD
  Teensy: OK CMD
  Teensy: OK CMD
  Teensy: OK CMD
  Teensy: OK CMD
  Teensy: OK CMD
  Teensy: OK CMD
  Teensy: OK CMD
  Teensy: OK CMD
  Teensy: OK CMD
  Teensy: OK CMD
  Teensy: OK CMD
  Teensy: OK CMD
  Teensy: OK CMD
  Teensy: OK SPEED 1600.0
  Teensy: OK ACCEL 60000.0
  limits -> 1600.0 mm/s, 60000.0 mm/s^2
  Teensy: OK CMD
  Teensy: OK CMD
  Teensy: OK CMD
  Teensy: OK CMD
  Teensy: OK CMD
  Teensy: OK CMD
  Teensy: OK CMD
  Teensy: OK CMD
  Teensy: OK CMD
  Teensy: OK CMD
  Teensy: OK CMD
  Teensy: OK CMD
  Teensy: OK CMD
  Teensy: OK CMD
  Teensy: OK CMD
  Teensy: OK CMD
  Teensy: OK CMD
  Teensy: OK CMD
  Teensy: OK CMD
  Teensy: OK CMD
  Teensy: OK CMD
  Teensy: OK CMD
  Teensy: OK CMD
  Teensy: OK CMD
  Teensy: OK CMD
  Teensy: OK CMD
  Teensy: OK CMD
  Teensy: OK CMD
  Teensy: OK CMD
  Teensy: OK CMD
  Teensy: OK CMD
  Teensy: OK CMD
  Teensy: OK CMD
  Teensy: OK CMD
  Teensy: OK CMD
  Teensy: OK CMD
  Teensy: OK CMD
  Teensy: OK CMD
  Teensy: OK CMD
  Teensy: OK CMD
  Teensy: OK CMD
  Teensy: OK CMD
  Teensy: OK CMD
  Teensy: OK CMD
  Teensy: OK CMD
  Teensy: OK CMD
  Teensy: OK CMD
  Teensy: OK CMD
  Teensy: OK CMD
  Teensy: OK CMD
  Teensy: OK CMD
  Teensy: OK CMD
  Teensy: OK CMD
  Teensy: OK CMD
  Teensy: OK CMD
  Teensy: OK CMD
  Teensy: OK CMD
  Teensy: OK CMD
  Teensy: OK CMD
  Teensy: OK CMD
  Teensy: OK CMD
  Teensy: OK CMD
  Teensy: OK CMD
  Teensy: OK CMD
  Teensy: OK CMD
  Teensy: OK CMD
  Teensy: OK CMD
  Teensy: OK CMD
  Teensy: OK CMD
  Teensy: OK CMD
  Teensy: OK CMD
  Teensy: OK CMD
  Teensy: OK CMD
  Teensy: OK CMD
  Teensy: OK CMD
  Teensy: OK CMD
  Teensy: OK CMD
  Teensy: OK CMD
  Teensy: OK CMD
  Teensy: OK CMD
  Teensy: OK CMD
  Teensy: OK CMD
  Teensy: OK CMD
  Teensy: OK CMD
  Teensy: OK CMD
  Teensy: OK CMD
  Teensy: OK CMD
  Teensy: OK CMD
  Teensy: OK CMD
  Teensy: OK CMD
  Teensy: OK CMD
  Teensy: OK CMD
  Teensy: OK CMD
  Teensy: OK CMD
  Teensy: OK CMD
  Teensy: OK CMD
  Teensy: OK CMD
  Teensy: OK CMD
  Teensy: OK CMD
  Teensy: OK CMD
  Teensy: OK CMD
  Teensy: OK CMD
  Teensy: OK CMD
  Teensy: OK CMD
  Teensy: OK CMD
  Teensy: OK CMD
  Teensy: OK CMD
  Teensy: OK CMD
  Teensy: OK CMD
  Teensy: OK CMD
  Teensy: OK CMD
  Teensy: OK CMD
  Teensy: OK CMD
  Teensy: OK CMD
  Teensy: OK CMD
  Teensy: OK CMD
  Teensy: OK CMD
  Teensy: OK CMD
  Teensy: OK CMD
  Teensy: OK CMD
  Teensy: OK CMD
  Teensy: OK CMD
  Teensy: OK CMD
  Teensy: OK CMD
  Teensy: OK CMD
  Teensy: OK CMD
  Teensy: OK CMD
  Teensy: OK CMD
  Teensy: OK CMD
  Teensy: OK CMD
  Teensy: OK CMD
  Teensy: OK CMD
  Teensy: OK CMD
  Teensy: OK CMD
  Teensy: OK CMD
  Teensy: OK CMD
  Teensy: OK CMD
  Teensy: OK CMD
  Teensy: OK CMD
  Teensy: OK CMD
  Teensy: OK CMD
  Teensy: OK CMD
  Teensy: OK CMD
  Teensy: OK CMD
  Teensy: OK CMD
  Teensy: OK CMD
  Teensy: OK CMD
  Teensy: OK CMD
  Teensy: OK CMD
  Teensy: OK CMD
  Teensy: OK CMD
  Teensy: OK CMD
  Teensy: OK CMD
  Teensy: OK CMD
  Teensy: OK CMD
  Teensy: OK CMD
  Teensy: OK CMD
  Teensy: OK CMD
  Teensy: OK CMD
  Teensy: OK CMD
  Teensy: OK CMD
  Teensy: OK CMD
  Teensy: OK CMD
  Teensy: OK CMD
  Teensy: OK CMD
  Teensy: OK CMD
  Teensy: OK CMD
  Teensy: OK CMD
  Teensy: OK CMD
  Teensy: OK CMD
  Teensy: OK CMD
  Teensy: OK CMD
  Teensy: OK CMD
  Teensy: OK CMD
  Teensy: OK CMD
  Teensy: OK CMD
  Teensy: OK CMD
  Teensy: OK CMD
  Teensy: OK CMD
  Teensy: OK CMD
  Teensy: OK CMD
  Teensy: OK CMD
  Teensy: OK CMD
  Teensy: OK CMD
  Teensy: OK CMD
  Teensy: OK CMD
  Teensy: OK CMD
  Teensy: OK CMD
  Teensy: OK CMD
  Teensy: OK CMD
  Teensy: OK CMD
  Teensy: OK CMD
  Teensy: OK CMD
  Teensy: OK CMD
  Teensy: OK CMD
  Teensy: OK CMD
  Teensy: OK CMD
  Teensy: OK CMD
  Teensy: OK CMD
  Teensy: OK CMD
  Teensy: OK CMD
  Teensy: OK CMD
  Teensy: OK CMD
  Teensy: OK CMD
  Teensy: OK CMD
  Teensy: OK CMD
  Teensy: OK CMD
  Teensy: OK CMD
  Teensy: OK CMD
  Teensy: OK CMD
  Teensy: OK CMD
  Teensy: OK CMD
  Teensy: OK CMD
  Teensy: OK CMD
  Teensy: OK CMD
  Teensy: OK CMD
  Teensy: OK CMD
  Teensy: OK CMD
  Teensy: OK CMD
  Teensy: OK CMD
  Teensy: OK CMD
  Teensy: OK CMD
  Teensy: OK CMD
  Teensy: OK CMD
  Teensy: OK CMD
  Teensy: OK CMD
  Teensy: OK CMD
  Teensy: OK CMD
  Teensy: OK CMD
  Teensy: OK CMD
  Teensy: OK CMD
  Teensy: OK CMD
  Teensy: OK CMD
  Teensy: OK CMD
  Teensy: OK CMD
  Teensy: OK CMD
  Teensy: OK CMD
  Teensy: OK CMD
  Teensy: OK CMD
  Teensy: OK CMD
  Teensy: OK CMD
  Teensy: OK CMD
  Teensy: OK CMD
  Teensy: OK CMD
  Teensy: OK CMD
  Teensy: OK CMD
  Teensy: OK CMD
  Teensy: OK CMD
  Teensy: OK CMD
  Teensy: OK CMD
  Teensy: OK CMD
  Teensy: OK CMD
  Teensy: OK CMD
  Teensy: OK CMD
  Teensy: OK CMD
  Teensy: OK CMD
  Teensy: OK CMD
  Teensy: OK CMD
  Teensy: OK CMD
  Teensy: OK CMD
  Teensy: OK CMD
  Teensy: OK CMD
  Teensy: OK CMD
  Teensy: OK CMD
  Teensy: OK CMD
  Teensy: OK CMD
  Teensy: OK CMD
  Teensy: OK CMD
  Teensy: OK CMD
  Teensy: OK CMD
  Teensy: OK CMD
  Teensy: OK CMD
  Teensy: OK CMD
  Teensy: OK CMD
  Teensy: OK CMD
  Teensy: OK CMD
  Teensy: OK CMD
  Teensy: OK CMD
  Teensy: OK CMD
  Teensy: OK CMD
  Teensy: OK CMD
  Teensy: OK CMD
  Teensy: OK CMD
  Teensy: OK CMD
  Teensy: OK CMD
  Teensy: OK CMD
  Teensy: OK CMD
  Teensy: OK CMD
  Teensy: OK CMD
  Teensy: OK CMD
  Teensy: OK CMD
  Teensy: OK CMD
  Teensy: OK CMD
  Teensy: OK CMD
  Teensy: OK CMD
  Teensy: OK CMD
  Teensy: OK CMD
  Teensy: OK CMD
  Teensy: OK CMD
  Teensy: OK CMD
  Teensy: OK CMD
  Teensy: OK CMD
  Teensy: OK CMD
  Teensy: OK CMD
  Teensy: OK CMD
  Teensy: OK CMD
  Teensy: OK CMD
  Teensy: OK CMD
  Teensy: OK CMD
  Teensy: OK CMD
  Teensy: OK CMD
  Teensy: OK CMD
  Teensy: OK CMD
  Teensy: OK CMD
  Teensy: OK CMD
  Teensy: OK CMD
  Teensy: OK CMD
  Teensy: OK CMD
  Teensy: OK CMD
  Teensy: OK CMD
  Teensy: OK CMD
  Teensy: OK CMD
  Teensy: OK CMD
  Teensy: OK CMD
  Teensy: OK CMD
  Teensy: OK CMD
  Teensy: OK CMD
  Teensy: OK CMD
  Teensy: OK CMD
  Teensy: OK CMD
  Teensy: OK CMD
  Teensy: OK CMD
  Teensy: OK CMD
  Teensy: OK CMD
  Teensy: OK CMD
  Teensy: OK CMD
  Teensy: OK CMD
  Teensy: OK CMD
  Teensy: OK CMD
  Teensy: OK CMD
  Teensy: OK CMD
  Teensy: OK CMD
  Teensy: OK CMD
  Teensy: OK CMD
  Teensy: OK CMD
  Teensy: OK CMD
  Teensy: OK CMD
  Teensy: OK CMD
  Teensy: OK CMD
  Teensy: OK CMD
  Teensy: OK CMD
  Teensy: OK CMD
  Teensy: OK CMD
  Teensy: OK CMD
  Teensy: OK CMD
  Teensy: OK CMD
  Teensy: OK CMD
  Teensy: OK CMD
  Teensy: OK CMD
  Teensy: OK CMD
  Teensy: OK CMD
  Teensy: OK CMD
  Teensy: OK CMD
  Teensy: OK CMD
  Teensy: OK CMD
